// Jest Snapshot v1, https://goo.gl/fbAQLP

exports[`Bitcoin Tracker app renders correctly 1`] = `
ShallowWrapper {
  "length": 1,
  Symbol(enzyme.__root__): [Circular],
  Symbol(enzyme.__unrendered__): <BitcoinTracker />,
  Symbol(enzyme.__renderer__): Object {
    "batchedUpdates": [Function],
    "getNode": [Function],
    "render": [Function],
    "simulateEvent": [Function],
    "unmount": [Function],
  },
  Symbol(enzyme.__node__): Object {
    "instance": null,
    "key": undefined,
    "nodeType": "host",
    "props": Object {
      "children": Array [
        <h1>
          COIN
        </h1>,
        <CoinList
          coinData={
            Array [
              Object {
                "id": 1,
                "name": "Bitcoin",
                "price": 2000,
                "type": "btc",
              },
              Object {
                "id": 2,
                "name": "Etherium",
                "price": 500,
                "type": "eth",
              },
              Object {
                "id": 3,
                "name": "Litecoin",
                "price": 100,
                "type": "ltc",
              },
            ]
          }
        />,
      ],
    },
    "ref": null,
    "rendered": Array [
      Object {
        "instance": null,
        "key": undefined,
        "nodeType": "host",
        "props": Object {
          "children": "COIN",
        },
        "ref": null,
        "rendered": "COIN",
        "type": "h1",
      },
      Object {
        "instance": null,
        "key": undefined,
        "nodeType": "function",
        "props": Object {
          "coinData": Array [
            Object {
              "id": 1,
              "name": "Bitcoin",
              "price": 2000,
              "type": "btc",
            },
            Object {
              "id": 2,
              "name": "Etherium",
              "price": 500,
              "type": "eth",
            },
            Object {
              "id": 3,
              "name": "Litecoin",
              "price": 100,
              "type": "ltc",
            },
          ],
        },
        "ref": null,
        "rendered": null,
        "type": [Function],
      },
    ],
    "type": "div",
  },
  Symbol(enzyme.__nodes__): Array [
    Object {
      "instance": null,
      "key": undefined,
      "nodeType": "host",
      "props": Object {
        "children": Array [
          <h1>
            COIN
          </h1>,
          <CoinList
            coinData={
              Array [
                Object {
                  "id": 1,
                  "name": "Bitcoin",
                  "price": 2000,
                  "type": "btc",
                },
                Object {
                  "id": 2,
                  "name": "Etherium",
                  "price": 500,
                  "type": "eth",
                },
                Object {
                  "id": 3,
                  "name": "Litecoin",
                  "price": 100,
                  "type": "ltc",
                },
              ]
            }
          />,
        ],
      },
      "ref": null,
      "rendered": Array [
        Object {
          "instance": null,
          "key": undefined,
          "nodeType": "host",
          "props": Object {
            "children": "COIN",
          },
          "ref": null,
          "rendered": "COIN",
          "type": "h1",
        },
        Object {
          "instance": null,
          "key": undefined,
          "nodeType": "function",
          "props": Object {
            "coinData": Array [
              Object {
                "id": 1,
                "name": "Bitcoin",
                "price": 2000,
                "type": "btc",
              },
              Object {
                "id": 2,
                "name": "Etherium",
                "price": 500,
                "type": "eth",
              },
              Object {
                "id": 3,
                "name": "Litecoin",
                "price": 100,
                "type": "ltc",
              },
            ],
          },
          "ref": null,
          "rendered": null,
          "type": [Function],
        },
      ],
      "type": "div",
    },
  ],
  Symbol(enzyme.__options__): Object {
    "adapter": ReactSixteenAdapter {
      "options": Object {
        "enableComponentDidUpdateOnSetState": true,
      },
    },
  },
}
`;
