// Jest Snapshot v1, https://goo.gl/fbAQLP

exports[`Coin list component renders correctly 1`] = `
ShallowWrapper {
  "length": 1,
  Symbol(enzyme.__root__): [Circular],
  Symbol(enzyme.__unrendered__): <CoinList
    coinData={
      Array [
        Object {
          "id": 1,
          "name": "Bitcoin",
          "price": 2000,
        },
      ]
    }
  />,
  Symbol(enzyme.__renderer__): Object {
    "batchedUpdates": [Function],
    "getNode": [Function],
    "render": [Function],
    "simulateEvent": [Function],
    "unmount": [Function],
  },
  Symbol(enzyme.__node__): Object {
    "instance": null,
    "key": undefined,
    "nodeType": "host",
    "props": Object {
      "children": Array [
        <Coin
          coinData={
            Object {
              "id": 1,
              "name": "Bitcoin",
              "price": 2000,
            }
          }
          currDollar={undefined}
        />,
      ],
      "className": "coin-list",
    },
    "ref": null,
    "rendered": Array [
      Object {
        "instance": null,
        "key": "1",
        "nodeType": "function",
        "props": Object {
          "coinData": Object {
            "id": 1,
            "name": "Bitcoin",
            "price": 2000,
          },
          "currDollar": undefined,
        },
        "ref": null,
        "rendered": null,
        "type": [Function],
      },
    ],
    "type": "ul",
  },
  Symbol(enzyme.__nodes__): Array [
    Object {
      "instance": null,
      "key": undefined,
      "nodeType": "host",
      "props": Object {
        "children": Array [
          <Coin
            coinData={
              Object {
                "id": 1,
                "name": "Bitcoin",
                "price": 2000,
              }
            }
            currDollar={undefined}
          />,
        ],
        "className": "coin-list",
      },
      "ref": null,
      "rendered": Array [
        Object {
          "instance": null,
          "key": "1",
          "nodeType": "function",
          "props": Object {
            "coinData": Object {
              "id": 1,
              "name": "Bitcoin",
              "price": 2000,
            },
            "currDollar": undefined,
          },
          "ref": null,
          "rendered": null,
          "type": [Function],
        },
      ],
      "type": "ul",
    },
  ],
  Symbol(enzyme.__options__): Object {
    "adapter": ReactSixteenAdapter {
      "options": Object {
        "enableComponentDidUpdateOnSetState": true,
      },
    },
  },
}
`;
