// Jest Snapshot v1, https://goo.gl/fbAQLP

exports[`Coin Component renders correctly 1`] = `
ShallowWrapper {
  "length": 1,
  Symbol(enzyme.__root__): [Circular],
  Symbol(enzyme.__unrendered__): <Coin
    coinData={
      Object {
        "id": 0,
        "name": "Test",
        "price": Object {
          "GBP": 1,
          "USD": 1,
        },
      }
    }
    currDollar={true}
  />,
  Symbol(enzyme.__renderer__): Object {
    "batchedUpdates": [Function],
    "getNode": [Function],
    "render": [Function],
    "simulateEvent": [Function],
    "unmount": [Function],
  },
  Symbol(enzyme.__node__): Object {
    "instance": null,
    "key": undefined,
    "nodeType": "host",
    "props": Object {
      "children": Array [
        <div
          className="coin-id"
        >
          0
        </div>,
        <div
          className="coin-code"
        />,
        <div
          className="coin-name"
        >
          Test
        </div>,
        <div
          className="coin-price"
        >
          $1.00
        </div>,
      ],
      "className": "coin",
    },
    "ref": null,
    "rendered": Array [
      Object {
        "instance": null,
        "key": undefined,
        "nodeType": "host",
        "props": Object {
          "children": 0,
          "className": "coin-id",
        },
        "ref": null,
        "rendered": 0,
        "type": "div",
      },
      Object {
        "instance": null,
        "key": undefined,
        "nodeType": "host",
        "props": Object {
          "children": undefined,
          "className": "coin-code",
        },
        "ref": null,
        "rendered": null,
        "type": "div",
      },
      Object {
        "instance": null,
        "key": undefined,
        "nodeType": "host",
        "props": Object {
          "children": "Test",
          "className": "coin-name",
        },
        "ref": null,
        "rendered": "Test",
        "type": "div",
      },
      Object {
        "instance": null,
        "key": undefined,
        "nodeType": "host",
        "props": Object {
          "children": "$1.00",
          "className": "coin-price",
        },
        "ref": null,
        "rendered": "$1.00",
        "type": "div",
      },
    ],
    "type": "li",
  },
  Symbol(enzyme.__nodes__): Array [
    Object {
      "instance": null,
      "key": undefined,
      "nodeType": "host",
      "props": Object {
        "children": Array [
          <div
            className="coin-id"
          >
            0
          </div>,
          <div
            className="coin-code"
          />,
          <div
            className="coin-name"
          >
            Test
          </div>,
          <div
            className="coin-price"
          >
            $1.00
          </div>,
        ],
        "className": "coin",
      },
      "ref": null,
      "rendered": Array [
        Object {
          "instance": null,
          "key": undefined,
          "nodeType": "host",
          "props": Object {
            "children": 0,
            "className": "coin-id",
          },
          "ref": null,
          "rendered": 0,
          "type": "div",
        },
        Object {
          "instance": null,
          "key": undefined,
          "nodeType": "host",
          "props": Object {
            "children": undefined,
            "className": "coin-code",
          },
          "ref": null,
          "rendered": null,
          "type": "div",
        },
        Object {
          "instance": null,
          "key": undefined,
          "nodeType": "host",
          "props": Object {
            "children": "Test",
            "className": "coin-name",
          },
          "ref": null,
          "rendered": "Test",
          "type": "div",
        },
        Object {
          "instance": null,
          "key": undefined,
          "nodeType": "host",
          "props": Object {
            "children": "$1.00",
            "className": "coin-price",
          },
          "ref": null,
          "rendered": "$1.00",
          "type": "div",
        },
      ],
      "type": "li",
    },
  ],
  Symbol(enzyme.__options__): Object {
    "adapter": ReactSixteenAdapter {
      "options": Object {
        "enableComponentDidUpdateOnSetState": true,
      },
    },
  },
}
`;
