// Jest Snapshot v1, https://goo.gl/fbAQLP

exports[`ControlPanel component renders correctly 1`] = `
ShallowWrapper {
  "length": 1,
  Symbol(enzyme.__root__): [Circular],
  Symbol(enzyme.__unrendered__): <ControlPanel />,
  Symbol(enzyme.__renderer__): Object {
    "batchedUpdates": [Function],
    "getNode": [Function],
    "render": [Function],
    "simulateEvent": [Function],
    "unmount": [Function],
  },
  Symbol(enzyme.__node__): Object {
    "instance": null,
    "key": undefined,
    "nodeType": "host",
    "props": Object {
      "children": Array [
        <div
          className="control-panel"
        >
          <button
            className="add-button"
            onClick={[Function]}
          >
            Add
          </button>
          <button
            onClick={undefined}
          >
            Currency
          </button>
          <button
            onClick={undefined}
          >
            Refresh
          </button>
        </div>,
        null,
      ],
    },
    "ref": null,
    "rendered": Array [
      Object {
        "instance": null,
        "key": undefined,
        "nodeType": "host",
        "props": Object {
          "children": Array [
            <button
              className="add-button"
              onClick={[Function]}
            >
              Add
            </button>,
            <button
              onClick={undefined}
            >
              Currency
            </button>,
            <button
              onClick={undefined}
            >
              Refresh
            </button>,
          ],
          "className": "control-panel",
        },
        "ref": null,
        "rendered": Array [
          Object {
            "instance": null,
            "key": undefined,
            "nodeType": "host",
            "props": Object {
              "children": "Add",
              "className": "add-button",
              "onClick": [Function],
            },
            "ref": null,
            "rendered": "Add",
            "type": "button",
          },
          Object {
            "instance": null,
            "key": undefined,
            "nodeType": "host",
            "props": Object {
              "children": "Currency",
              "onClick": undefined,
            },
            "ref": null,
            "rendered": "Currency",
            "type": "button",
          },
          Object {
            "instance": null,
            "key": undefined,
            "nodeType": "host",
            "props": Object {
              "children": "Refresh",
              "onClick": undefined,
            },
            "ref": null,
            "rendered": "Refresh",
            "type": "button",
          },
        ],
        "type": "div",
      },
      null,
    ],
    "type": "div",
  },
  Symbol(enzyme.__nodes__): Array [
    Object {
      "instance": null,
      "key": undefined,
      "nodeType": "host",
      "props": Object {
        "children": Array [
          <div
            className="control-panel"
          >
            <button
              className="add-button"
              onClick={[Function]}
            >
              Add
            </button>
            <button
              onClick={undefined}
            >
              Currency
            </button>
            <button
              onClick={undefined}
            >
              Refresh
            </button>
          </div>,
          null,
        ],
      },
      "ref": null,
      "rendered": Array [
        Object {
          "instance": null,
          "key": undefined,
          "nodeType": "host",
          "props": Object {
            "children": Array [
              <button
                className="add-button"
                onClick={[Function]}
              >
                Add
              </button>,
              <button
                onClick={undefined}
              >
                Currency
              </button>,
              <button
                onClick={undefined}
              >
                Refresh
              </button>,
            ],
            "className": "control-panel",
          },
          "ref": null,
          "rendered": Array [
            Object {
              "instance": null,
              "key": undefined,
              "nodeType": "host",
              "props": Object {
                "children": "Add",
                "className": "add-button",
                "onClick": [Function],
              },
              "ref": null,
              "rendered": "Add",
              "type": "button",
            },
            Object {
              "instance": null,
              "key": undefined,
              "nodeType": "host",
              "props": Object {
                "children": "Currency",
                "onClick": undefined,
              },
              "ref": null,
              "rendered": "Currency",
              "type": "button",
            },
            Object {
              "instance": null,
              "key": undefined,
              "nodeType": "host",
              "props": Object {
                "children": "Refresh",
                "onClick": undefined,
              },
              "ref": null,
              "rendered": "Refresh",
              "type": "button",
            },
          ],
          "type": "div",
        },
        null,
      ],
      "type": "div",
    },
  ],
  Symbol(enzyme.__options__): Object {
    "adapter": ReactSixteenAdapter {
      "options": Object {
        "enableComponentDidUpdateOnSetState": true,
      },
    },
  },
}
`;
